# Название подменю в шапке
write (md)0x220+1 !BAT\necho -n -P:0000 %hdrcolor% +++++Rescue USB (All-In-One Edition) 1.0+++++ \0 && initscript (md)0x220+1 

timeout=30 
default 0
# Путь к русскому шрифту для текстового режима.
font /boot/rus.gz
 
#Разрешение экрана, возможные значения: -1 640; -1 800; -1 1024.
#В данном случае подбирается максимально возможное разрешение поддерживаемое BIOS
#Путь к картинке для текстового режима.Картинка обязательно в формате bmp!И обязательно установленного выше разрешения!
graphicsmode -1 800
    graphicsmode -1 640 && set GM=640 && echo 640 xres supported
    graphicsmode -1 800 && set GM=800 && echo 800 xres supported
    graphicsmode -1 1024 && set GM=1024 && echo 1024 xres supported
    pause --wait=1
    if "%GM%"=="1024" splashimage /boot/fon1024.bmp
    if "%GM%"=="800" splashimage /boot/fon800.bmp
    if "%GM%"=="640" splashimage /boot/fon640.bmp

color normal=0x01 highlight=0x9 helptext=0x1 heading=0x01 standard=0x1 border=0x1


title     Загрузка с жесткого диска \n                   Загрузка Windows с жесткого диска.
find --set-root --ignore-floppies --ignore-cd /bootmgr || find --set-root --ignore-floppies --ignore-cd /ntldr
map (hd0) (hd1)
map (hd1) (hd0)
map --hook
rootnoverify (hd0)
chainloader (hd0)+1


title
clear


title ===============Windows===============
clear


iftitle [if exist /unib/bootunib] Установка Windows 7|8.1|10 от m0nkrus \n  Windows 10 (v1511) RUS-ENG x86-x64 -22in1- (AIO)  \n  Windows 8.1 with Update 3 RUS-ENG x86-x64 -16in1- Activated (AIO) \n  Windows 7 SP1 RUS-ENG x86-x64 -18in1- Activated v5 (AIO)
chainloader /unib/bootunib


iftitle [if exist /linux/slitaz-4.0.iso] ================Linux================
clear

iftitle [if exist /linux/slitaz-4.0.iso] SliTaz 4.0 \n SliTaz - свободная операционная система с открытыми исходниками. \n Это полнофункциональный рабочий стол или сервер размером менее чем 40 МБ. \n Система проста в использовании, быстрая, безопасная и стабильная.
map --mem --heads=0 --sectors-per-track=0 /linux/slitaz-4.0.iso (hd32)
map --hook
root (hd32)
chainloader (hd32)
boot

iftitle [if exist /puppy_tahr_6.0.2.sfs] Puppy Linux 6.0.2 \n Puppy Linux - маленький, быстрый и функциональный дистрибутив Linux. \n Размер дистрибутива всего около 200Мб. Содержит большой набор установленных \n программ и имеет полноценный графический интерфейс. Умеет запускаться с LiveCD \n и работать полностью из оперативной памяти. Не требователен к ресурсам компьютера.
kernel (hd0,0)/linux/puppy/vmlinuz ramdisk_=100000
initrd /linux/puppy/initrd.gz

iftitle [if exist /linux/runtu/vmlinuz] Runtu LITE 14.04.1 x86 \n Легковесный дистрибутив с Openbox на базе Ubuntu. \n Собран с помощью debootstrap, доустановлены средства базового конфигурирования рабочего окружения и основные программы.\n Рекомендован для аппаратных конфигураций, которые не поддерживают системные требования актуальных версий DE.
kernel /linux/runtu/vmlinuz live-media-path=/casper/ boot=casper splash iso-scan/filename=/linux/runtu/runtu-lite-14.04.1_20140914.iso
initrd /linux/runtu/initrd.lz

iftitle [if exist /linux/lubuntu/vmlinuz] Lubuntu 14.04.1 x86 \n Lubuntu - это свободная операционная система на базе Ubuntu Linux. \n Основное отличие Lubuntu - малые требования к ресурсам компьютера \n за счет использования среды рабочего стола LXDE.
kernel /linux/lubuntu/vmlinuz live-media-path=/casper/ boot=casper splash iso-scan/filename=/linux/lubuntu/lubuntu-14.04.1-desktop-i386.iso
initrd /linux/lubuntu/initrd.lz

iftitle [if exist /linux/mint/vmlinuz] Linux Mint 17.1 Cinnamon x64 \n Mint - это простой, удобный и элегантный дистрибутив GNU/ Linux, \n основанный на Ubuntu. Уже довольно продолжительное время стабильно \n держится в тройке самых популярных Linux-дистрибутивов мира.
kernel /linux/mint/vmlinuz live-media-path=/casper/ boot=casper splash iso-scan/filename=/linux/mint/linuxmint-17.1-cinnamon-64bit.iso
initrd /linux/mint/initrd.lz


title ===============Live CD===============
clear


iftitle [if exist /2k10/WINPE.LST] Мультизагрузочный 2k10 v.6.1 >>> \n  C9PE MultiMedia 2k10 Native Edition  C9PE MultiMedia 2k10 Plus Pack\n    WinPE 7x86|64 Live (@Xemom1) Special Edition 2k10  \n  WinPE 8x86|64 Live (@Xemom1) Special Edition 2k10 MultiMedia \n WinPE 10x64 Live (@Xemom1)
configfile /2k10/WINPE.lst

iftitle [if exist /SSTR/menu.lst] WinPE 10 Sergei Strelec (x86/x64) 2016.03.03 >>> \n Загрузочный диск на базе Windows 10 PE - для обслуживания компьютеров, работы с \n жесткими дисками и разделами, резервного копирования и восстановления дисков и \n разделов, диагностики компьютера, восстановления данных, и антивирусы.
find --set-root --ignore-floppies --ignore-cd /SSTR/bootmgr
chainloader /SSTR/bootmgr




title ================Utils================
clear


iftitle [if exist /veam/bootmgr] Veeam Endpoint Backup FREE 1.1.2.119 \n  Veeam Endpoint Backup FREE — простое решение для резервного копирования данных \n на ноутбуках и настольных ПК под управлением Windows.
chainloader /veam/bootmgr

title Работа с HDD >>> \n  Запуск программ для резервного копирования и работы с жестким диском.
configfile /boot/HDD.lst

title Программы DOS >>> \n Программы работающие в среде DOS.
configfile /boot/dos.lst

title
clear

title     Выключить ПК   \n \n                            Выключение ПК.
halt

title     Перезагрузить ПК    \n \n                       Перезагрузка ПК.
reboot
